// Jest Snapshot v1, https://goo.gl/fbAQLP

exports[`App Compnent should render without error 1`] = `ShallowWrapper {}`;
